// Jest Snapshot v1, https://goo.gl/fbAQLP

exports[`Slider default snapshot 1`] = `
<DocumentFragment>
  <div
    class="ventura sliderWrapper"
  >
    <div
      class="slider"
    >
      <div
        class="container"
      />
      <div
        class="rail"
      />
      <div
        class="slider-handles"
      >
        <div
          class="container"
          style="left: 50%;"
        >
          <div
            aria-valuemax="100"
            aria-valuemin="0"
            aria-valuenow="50"
            class="handle"
            role="slider"
            style="left: 50%;"
          />
        </div>
      </div>
      <div
        class="slider-ticks"
      >
        <div
          class="tick"
          style="left: 0%;"
        >
          <span
            class="value"
          >
            0
          </span>
        </div>
        <div
          class="tick alignRight"
          style="left: 100%;"
        >
          <span
            class="value"
          >
            100
          </span>
        </div>
      </div>
    </div>
  </div>
</DocumentFragment>
`;
